123456789
-987654321987654321
